[mediachest.sourceforge.net/mediautil/javadocs/index.html]
[backblue.gif]
[fade.gif]
[index.html]
[mediachest.sourceforge.net/mediautil/javadocs/overview-frame.html]
[mediachest.sourceforge.net/mediautil/javadocs/allclasses-frame.html]
[mediachest.sourceforge.net/mediautil/javadocs/index.html]
[mediachest.sourceforge.net/mediautil/javadocs/overview-summary.html]
[mediachest.sourceforge.net/mediautil/javadocs/stylesheet.css]
[mediachest.sourceforge.net/mediautil/javadocs/mediautil/gen/package-frame.html]
[mediachest.sourceforge.net/mediautil/javadocs/mediautil/gen/directio/package-frame.html]
[mediachest.sourceforge.net/mediautil/javadocs/overview-frame.html]
[mediachest.sourceforge.net/mediautil/javadocs/mediautil/image/jpeg/package-frame.html]
[mediachest.sourceforge.net/mediautil/javadocs/mediautil/image/jpeg/AbstractImageInfo.html]
[mediachest.sourceforge.net/mediautil/javadocs/mediautil/image/jpeg/AdvancedImage.html]
[mediachest.sourceforge.net/mediautil/javadocs/mediautil/gen/BasicIo.html]
[mediachest.sourceforge.net/mediautil/javadocs/mediautil/image/jpeg/BasicJpeg.html]
[mediachest.sourceforge.net/mediautil/javadocs/mediautil/image/jpeg/BasicJpegIo.html]
[mediachest.sourceforge.net/mediautil/javadocs/mediautil/gen/directio/ByteCounter.html]
[mediachest.sourceforge.net/mediautil/javadocs/mediautil/image/jpeg/CIFF.html]
[mediachest.sourceforge.net/mediautil/javadocs/mediautil/image/jpeg/Entry.html]
[mediachest.sourceforge.net/mediautil/javadocs/mediautil/image/jpeg/Exif.html]
[mediachest.sourceforge.net/mediautil/javadocs/mediautil/gen/FileFormatException.html]
[mediachest.sourceforge.net/mediautil/javadocs/mediautil/image/jpeg/Flashpix.html]
[mediachest.sourceforge.net/mediautil/javadocs/mediautil/image/jpeg/IFD.html]
[mediachest.sourceforge.net/mediautil/javadocs/mediautil/image/ImageResources.html]
[mediachest.sourceforge.net/mediautil/javadocs/mediautil/gen/directio/InStreamFromIterativeWriter.html]
[mediachest.sourceforge.net/mediautil/javadocs/mediautil/gen/directio/IterativeReader.html]
[mediachest.sourceforge.net/mediautil/javadocs/mediautil/gen/directio/IterativeWriter.html]
[mediachest.sourceforge.net/mediautil/javadocs/mediautil/image/jpeg/JFXX.html]
[mediachest.sourceforge.net/mediautil/javadocs/mediautil/image/jpeg/JPEG.html]
[mediachest.sourceforge.net/mediautil/javadocs/mediautil/image/jpeg/LLJTran.html]
[mediachest.sourceforge.net/mediautil/javadocs/mediautil/image/jpeg/LLJTranException.html]
[mediachest.sourceforge.net/mediautil/javadocs/mediautil/gen/Log.html]
[mediachest.sourceforge.net/mediautil/javadocs/mediautil/gen/MediaFormat.html]
[mediachest.sourceforge.net/mediautil/javadocs/mediautil/gen/MediaInfo.html]
[mediachest.sourceforge.net/mediautil/javadocs/mediautil/image/jpeg/Naming.html]
[mediachest.sourceforge.net/mediautil/javadocs/mediautil/gen/directio/OutStreamToIterativeReader.html]
[mediachest.sourceforge.net/mediautil/javadocs/mediautil/gen/ProgressCallback.html]
[mediachest.sourceforge.net/mediautil/javadocs/mediautil/gen/Rational.html]
[mediachest.sourceforge.net/mediautil/javadocs/mediautil/image/jpeg/Record.html]
[mediachest.sourceforge.net/mediautil/javadocs/mediautil/gen/directio/SplitInputStream.html]
[mediachest.sourceforge.net/mediautil/javadocs/allclasses-frame.html]
[mediachest.sourceforge.net/mediautil/javadocs/mediautil/image/jpeg/TiffExif.html]
[mediachest.sourceforge.net/mediautil/javadocs/overview-tree.html]
[mediachest.sourceforge.net/mediautil/javadocs/deprecated-list.html]
[mediachest.sourceforge.net/mediautil/javadocs/index-all.html]
[mediachest.sourceforge.net/mediautil/javadocs/help-doc.html]
[mediachest.sourceforge.net/mediautil/javadocs/indexe0d5.html]
[mediachest.sourceforge.net/mediautil/javadocs/allclasses-noframe.html]
[mediachest.sourceforge.net/mediautil/javadocs/mediautil/gen/package-summary.html]
[mediachest.sourceforge.net/mediautil/javadocs/mediautil/gen/directio/package-summary.html]
[mediachest.sourceforge.net/mediautil/javadocs/mediautil/image/package-summary.html]
[mediachest.sourceforge.net/mediautil/javadocs/overview-summary.html]
[mediachest.sourceforge.net/mediautil/javadocs/stylesheet.css]
[mediachest.sourceforge.net/mediautil/javadocs/mediautil/gen/package-frame.html]
[mediachest.sourceforge.net/mediautil/javadocs/mediautil/gen/directio/package-frame.html]
[mediachest.sourceforge.net/mediautil/javadocs/mediautil/image/package-frame.html]
[mediachest.sourceforge.net/mediautil/javadocs/mediautil/image/jpeg/package-frame.html]
[mediachest.sourceforge.net/mediautil/javadocs/mediautil/image/jpeg/package-summary.html]
[mediachest.sourceforge.net/mediautil/javadocs/mediautil/image/jpeg/package-tree.html]
[mediachest.sourceforge.net/mediautil/javadocs/indexcc5f.html]
[mediachest.sourceforge.net/mediautil/javadocs/resources/inherit.gif]
[mediachest.sourceforge.net/mediautil/javadocs/serialized-form.html]
[mediachest.sourceforge.net/mediautil/javadocs/mediautil/image/jpeg/AbstractImageInfo.html]
[mediachest.sourceforge.net/mediautil/javadocs/constant-values.html]
[mediachest.sourceforge.net/mediautil/javadocs/mediautil/image/jpeg/AdvancedImage.html]
[mediachest.sourceforge.net/mediautil/javadocs/index8691.html]
[mediachest.sourceforge.net/mediautil/javadocs/mediautil/gen/package-tree.html]
[mediachest.sourceforge.net/mediautil/javadocs/mediautil/gen/BasicIo.html]
[mediachest.sourceforge.net/mediautil/javadocs/index67b5.html]
[mediachest.sourceforge.net/mediautil/javadocs/mediautil/image/jpeg/BasicJpeg.html]
[mediachest.sourceforge.net/mediautil/javadocs/indexc8d9.html]
[mediachest.sourceforge.net/mediautil/javadocs/mediautil/image/jpeg/BasicJpegIo.html]
[mediachest.sourceforge.net/mediautil/javadocs/index9ea4.html]
[mediachest.sourceforge.net/mediautil/javadocs/mediautil/gen/directio/package-tree.html]
[mediachest.sourceforge.net/mediautil/javadocs/mediautil/gen/directio/ByteCounter.html]
[mediachest.sourceforge.net/mediautil/javadocs/indexb842.html]
[mediachest.sourceforge.net/mediautil/javadocs/mediautil/image/jpeg/CIFF.html]
[mediachest.sourceforge.net/mediautil/javadocs/indexd3b9.html]
[mediachest.sourceforge.net/mediautil/javadocs/mediautil/image/jpeg/Entry.html]
[mediachest.sourceforge.net/mediautil/javadocs/indexb1e6.html]
[mediachest.sourceforge.net/mediautil/javadocs/mediautil/image/jpeg/Exif.html]
[mediachest.sourceforge.net/mediautil/javadocs/indexf078.html]
[mediachest.sourceforge.net/mediautil/javadocs/mediautil/gen/FileFormatException.html]
[mediachest.sourceforge.net/mediautil/javadocs/indexafb7.html]
[mediachest.sourceforge.net/mediautil/javadocs/mediautil/image/jpeg/Flashpix.html]
[mediachest.sourceforge.net/mediautil/javadocs/index7677.html]
[mediachest.sourceforge.net/mediautil/javadocs/mediautil/image/jpeg/IFD.html]
[mediachest.sourceforge.net/mediautil/javadocs/index01e5.html]
[mediachest.sourceforge.net/mediautil/javadocs/mediautil/image/package-tree.html]
[mediachest.sourceforge.net/mediautil/javadocs/mediautil/image/ImageResources.html]
[mediachest.sourceforge.net/mediautil/javadocs/index0f4b.html]
[mediachest.sourceforge.net/mediautil/javadocs/mediautil/gen/directio/InStreamFromIterativeWriter.html]
[mediachest.sourceforge.net/mediautil/javadocs/index5705.html]
[mediachest.sourceforge.net/mediautil/javadocs/mediautil/gen/directio/IterativeReader.html]
[mediachest.sourceforge.net/mediautil/javadocs/indexc25c.html]
[mediachest.sourceforge.net/mediautil/javadocs/mediautil/gen/directio/IterativeWriter.html]
[mediachest.sourceforge.net/mediautil/javadocs/indexf326.html]
[mediachest.sourceforge.net/mediautil/javadocs/mediautil/image/jpeg/JFXX.html]
[mediachest.sourceforge.net/mediautil/javadocs/indexcf19.html]
[mediachest.sourceforge.net/mediautil/javadocs/mediautil/image/jpeg/JPEG.html]
[mediachest.sourceforge.net/mediautil/javadocs/index1d79.html]
[mediachest.sourceforge.net/mediautil/javadocs/mediautil/image/jpeg/LLJTran.html]
[mediachest.sourceforge.net/mediautil/javadocs/index71db.html]
[mediachest.sourceforge.net/mediautil/javadocs/mediautil/image/jpeg/LLJTranException.html]
[mediachest.sourceforge.net/mediautil/javadocs/index56e1.html]
[mediachest.sourceforge.net/mediautil/javadocs/mediautil/gen/Log.html]
[mediachest.sourceforge.net/mediautil/javadocs/index5e18.html]
[mediachest.sourceforge.net/mediautil/javadocs/mediautil/gen/MediaFormat.html]
[mediachest.sourceforge.net/mediautil/javadocs/indexa36b.html]
[mediachest.sourceforge.net/mediautil/javadocs/mediautil/gen/MediaInfo.html]
[mediachest.sourceforge.net/mediautil/javadocs/index5b54.html]
[mediachest.sourceforge.net/mediautil/javadocs/mediautil/image/jpeg/Naming.html]
[mediachest.sourceforge.net/mediautil/javadocs/index2649.html]
[mediachest.sourceforge.net/mediautil/javadocs/mediautil/gen/directio/OutStreamToIterativeReader.html]
[mediachest.sourceforge.net/mediautil/javadocs/index438b.html]
[mediachest.sourceforge.net/mediautil/javadocs/mediautil/gen/ProgressCallback.html]
[mediachest.sourceforge.net/mediautil/javadocs/index9f6b.html]
[mediachest.sourceforge.net/mediautil/javadocs/mediautil/gen/Rational.html]
[mediachest.sourceforge.net/mediautil/javadocs/indexe140.html]
[mediachest.sourceforge.net/mediautil/javadocs/mediautil/image/jpeg/Record.html]
[mediachest.sourceforge.net/mediautil/javadocs/index685d.html]
[mediachest.sourceforge.net/mediautil/javadocs/mediautil/gen/directio/SplitInputStream.html]
[mediachest.sourceforge.net/mediautil/javadocs/indexfa1d.html]
[mediachest.sourceforge.net/mediautil/javadocs/mediautil/image/jpeg/TiffExif.html]
[mediachest.sourceforge.net/mediautil/javadocs/index43b3.html]
[mediachest.sourceforge.net/mediautil/javadocs/overview-tree.html]
[mediachest.sourceforge.net/mediautil/javadocs/indexcaf2.html]
[mediachest.sourceforge.net/mediautil/javadocs/deprecated-list.html]
[mediachest.sourceforge.net/mediautil/javadocs/index94a5.html]
[mediachest.sourceforge.net/mediautil/javadocs/index-all.html]
[mediachest.sourceforge.net/mediautil/javadocs/indexfcc0.html]
[mediachest.sourceforge.net/mediautil/javadocs/help-doc.html]
[mediachest.sourceforge.net/mediautil/javadocs/indexe0d5.html]
[mediachest.sourceforge.net/mediautil/javadocs/allclasses-noframe.html]
[mediachest.sourceforge.net/mediautil/javadocs/indexb46a.html]
[mediachest.sourceforge.net/mediautil/javadocs/mediautil/gen/package-summary.html]
[mediachest.sourceforge.net/mediautil/javadocs/index6d0b.html]
[mediachest.sourceforge.net/mediautil/javadocs/mediautil/gen/directio/package-summary.html]
[mediachest.sourceforge.net/mediautil/javadocs/index9861.html]
[mediachest.sourceforge.net/mediautil/javadocs/mediautil/image/package-summary.html]
[mediachest.sourceforge.net/mediautil/javadocs/indexaa79.html]
[mediachest.sourceforge.net/mediautil/javadocs/mediautil/image/jpeg/mediautil.image.jpeg]
[mediachest.sourceforge.net/mediautil/javadocs/mediautil/image/jpeg/package-summary.html]
[mediachest.sourceforge.net/mediautil/javadocs/index73b2.html]
[mediachest.sourceforge.net/mediautil/javadocs/mediautil/image/jpeg/package-tree.html]
[mediachest.sourceforge.net/mediautil/javadocs/indexcc5f.html]
[mediachest.sourceforge.net/mediautil/javadocs/indexc1b7.html]
[mediachest.sourceforge.net/mediautil/javadocs/serialized-form.html]
[mediachest.sourceforge.net/mediautil/javadocs/index10d1.html]
[mediachest.sourceforge.net/mediautil/javadocs/constant-values.html]
[mediachest.sourceforge.net/mediautil/javadocs/index8691.html]
[mediachest.sourceforge.net/mediautil/javadocs/indexd866.html]
[mediachest.sourceforge.net/mediautil/javadocs/mediautil/gen/package-tree.html]
[mediachest.sourceforge.net/mediautil/javadocs/index67b5.html]
[mediachest.sourceforge.net/mediautil/javadocs/indexc8d9.html]
[mediachest.sourceforge.net/mediautil/javadocs/index9ea4.html]
[mediachest.sourceforge.net/mediautil/javadocs/index96c3.html]
[mediachest.sourceforge.net/mediautil/javadocs/mediautil/gen/directio/package-tree.html]
[mediachest.sourceforge.net/mediautil/javadocs/indexb842.html]
[mediachest.sourceforge.net/mediautil/javadocs/indexd3b9.html]
[mediachest.sourceforge.net/mediautil/javadocs/indexb1e6.html]
[mediachest.sourceforge.net/mediautil/javadocs/indexf078.html]
[mediachest.sourceforge.net/mediautil/javadocs/indexafb7.html]
[mediachest.sourceforge.net/mediautil/javadocs/index7677.html]
[mediachest.sourceforge.net/mediautil/javadocs/index01e5.html]
[mediachest.sourceforge.net/mediautil/javadocs/index67e8.html]
[mediachest.sourceforge.net/mediautil/javadocs/mediautil/image/package-tree.html]
[mediachest.sourceforge.net/mediautil/javadocs/index0f4b.html]
[mediachest.sourceforge.net/mediautil/javadocs/index5705.html]
[mediachest.sourceforge.net/mediautil/javadocs/indexc25c.html]
[mediachest.sourceforge.net/mediautil/javadocs/indexf326.html]
[mediachest.sourceforge.net/mediautil/javadocs/indexcf19.html]
[mediachest.sourceforge.net/mediautil/javadocs/index1d79.html]
[mediachest.sourceforge.net/mediautil/javadocs/index71db.html]
[mediachest.sourceforge.net/mediautil/javadocs/index56e1.html]
[mediachest.sourceforge.net/mediautil/javadocs/index5e18.html]
[mediachest.sourceforge.net/mediautil/javadocs/indexa36b.html]
[mediachest.sourceforge.net/mediautil/javadocs/index5b54.html]
[mediachest.sourceforge.net/mediautil/javadocs/index2649.html]
[mediachest.sourceforge.net/mediautil/javadocs/index438b.html]
[mediachest.sourceforge.net/mediautil/javadocs/index9f6b.html]
[mediachest.sourceforge.net/mediautil/javadocs/indexe140.html]
[mediachest.sourceforge.net/mediautil/javadocs/index685d.html]
[mediachest.sourceforge.net/mediautil/javadocs/indexfa1d.html]
[mediachest.sourceforge.net/mediautil/javadocs/index43b3.html]
[mediachest.sourceforge.net/mediautil/javadocs/indexcaf2.html]
[mediachest.sourceforge.net/mediautil/javadocs/index94a5.html]
[mediachest.sourceforge.net/mediautil/javadocs/indexfcc0.html]
[mediachest.sourceforge.net/mediautil/javadocs/indexb46a.html]
[mediachest.sourceforge.net/mediautil/javadocs/index6d0b.html]
[mediachest.sourceforge.net/mediautil/javadocs/index9861.html]
[mediachest.sourceforge.net/mediautil/javadocs/indexaa79.html]
[mediachest.sourceforge.net/mediautil/javadocs/mediautil/image/jpeg/mediautil.image.html]
[mediachest.sourceforge.net/mediautil/javadocs/index73b2.html]
[mediachest.sourceforge.net/mediautil/javadocs/indexc1b7.html]
[mediachest.sourceforge.net/mediautil/javadocs/index10d1.html]
[mediachest.sourceforge.net/mediautil/javadocs/indexd866.html]
[mediachest.sourceforge.net/mediautil/javadocs/index96c3.html]
[mediachest.sourceforge.net/mediautil/javadocs/index67e8.html]
[mediachest.sourceforge.net/mediautil/javadocs/index3edd.html]
[mediachest.sourceforge.net/mediautil/javadocs/index3edd.html]
